
Creating sequence BATCH_JOB_EXECUTION_SEQ
=========================================


Sequence created


Creating sequence BATCH_JOB_SEQ
===============================


Sequence created


Creating sequence BATCH_STEP_EXECUTION_SEQ
==========================================


Sequence created


Creating sequence SQ_OFB_SYSTEM
===============================


Sequence created


Creating table PERSONAL_DATA
============================


Table created


Comment added


Comment added


Comment added


Comment added


Comment added


Comment added


Comment added


Comment added


Comment added


Comment added


Comment added


Comment added


Comment added


Comment added


Comment added


Comment added


Comment added


Comment added


Comment added


Comment added


Comment added


Comment added


Table altered


Table altered


Table altered


Table altered


Table altered


Table altered


Table altered


Creating table ACCOUNT_PERSONAL_DATA
====================================


Table created


Comment added


Comment added


Comment added


Comment added


Comment added


Comment added


Comment added


Comment added


Comment added


Comment added


Comment added


Comment added


Comment added


Comment added


Comment added


Comment added


Comment added


Comment added


Comment added


Comment added


Comment added


Comment added


Comment added


Table altered


Table altered


Table altered


Table altered


Table altered


Table altered


Table altered


Creating table ACCOUNT_PERSONAL_DATA_STATEMENT
==============================================


Table created


Comment added


Comment added


Comment added


Comment added


Comment added


Comment added


Comment added


Comment added


Comment added


Comment added


Comment added


Comment added


Comment added


Comment added


Table altered


Table altered


Table altered


Table altered


Table altered


Table altered


Creating table BATCH_JOB_INSTANCE
=================================


Table created


Comment added


Table altered


Table altered


Creating table BATCH_JOB_EXECUTION
==================================


Table created


Comment added


Table altered


Table altered


Creating table BATCH_JOB_EXECUTION_CONTEXT
==========================================


Table created


Comment added


Table altered


Table altered


Creating table BATCH_JOB_EXECUTION_PARAMS
=========================================


Table created


Comment added


Table altered


Creating table BATCH_STEP_EXECUTION
===================================


Table created


Comment added


Table altered


Table altered


Creating table BATCH_STEP_EXECUTION_CONTEXT
===========================================


Table created


Comment added


Table altered


Table altered


Creating table CONSENTS_STATUS
==============================


Table created


Comment added


Comment added


Comment added


Comment added


Comment added


Comment added


Comment added


Comment added


Comment added


Comment added


Table altered


Table altered


Creating table CONSENTS_PERSONAL_DATA
=====================================


Table created


Comment added


Comment added


Comment added


Comment added


Comment added


Comment added


Comment added


Comment added


Comment added


Comment added


Comment added


Comment added


Comment added


Comment added


Comment added


Comment added


Comment added


Comment added


Comment added


Comment added


Comment added


Comment added


Comment added


Comment added


Comment added


Comment added


Comment added


Comment added


Comment added


Comment added


Table altered


Table altered


Table altered


Creating table CONSENTS_PERSONAL_DATA_EXPIRATION_CONTROL
========================================================


Table created


Comment added


Comment added


Comment added


Comment added


Comment added


Comment added


Comment added


Comment added


Comment added


Comment added


Comment added


Comment added


Comment added


Comment added


Comment added


Comment added


Comment added


Comment added


Comment added


Table altered


Table altered


Creating table RESOURCES_TYPES
==============================


Table created


Comment added


Comment added


Comment added


Comment added


Comment added


Comment added


Comment added


Comment added


Comment added


Table altered


Table altered


Table altered


Table altered


Creating table RESOURCES_PERMISSIONS
====================================


Table created


Comment added


Comment added


Comment added


Comment added


Comment added


Comment added


Comment added


Comment added


Comment added


Comment added


Comment added


Comment added


Comment added


Comment added


Comment added


Comment added


Comment added


Comment added


Comment added


Table altered


Table altered


Table altered


Creating table CONSENTS_PERSONAL_DATA_PERMISSIONS_AUTHORISED
============================================================


Table created


Comment added


Comment added


Comment added


Comment added


Comment added


Comment added


Comment added


Table altered


Table altered


Table altered


Table altered


Creating table CONSENTS_PERSONAL_DATA_PERMISSIONS_REQUESTED
===========================================================


Table created


Comment added


Comment added


Comment added


Comment added


Comment added


Comment added


Comment added


Table altered


Table altered


Table altered


Table altered


Creating table RESOURCES_STATUS
===============================


Table created


Comment added


Comment added


Comment added


Comment added


Comment added


Comment added


Comment added


Table altered


Table altered


Creating table CONSENTS_PERSONAL_DATA_RESOURCES_AUTHORISED
==========================================================


Table created


Comment added


Comment added


Comment added


Comment added


Comment added


Comment added


Comment added


Comment added


Comment added


Comment added


Table altered


Table altered


Table altered


Table altered


Table altered


Creating table CONSENTS_PERSONAL_DATA_RESOURSES_AUTHORISED_PERMISSIONS
======================================================================


Table created


Comment added


Comment added


Comment added


Comment added


Comment added


Comment added


Comment added


Table altered


Table altered


Table altered


Table altered


Creating view VW_ACCOUNT_PERSONAL_DATA
======================================


View created


Creating synonym LIST_OF_ACCOUNT_PERSONAL_DATA
==============================================


Synonym created


Creating view VW_ACCOUNT_PERSONAL_DATA_STATEMENT
================================================


View created


Creating synonym LIST_OF_ACCOUNT_PERSONAL_DATA_STATEMENT
========================================================


Synonym created


Creating view VW_CONSENTS_PERSONAL_DATA
=======================================


View created


Creating synonym LIST_OF_CONSENTS_PERSONAL_DATA
===============================================


Synonym created


Creating view VW_CONSENTS_PERSONAL_DATA_EXPIRATION_CONTROL
==========================================================


View created


Creating synonym LIST_OF_CONSENTS_PERSONAL_DATA_EXPIRATION_CONTROL
==================================================================


Synonym created


Creating view VW_CONSENTS_PERSONAL_DATA_PERMISSIONS_AUTHORISED
==============================================================


View created


Creating synonym LIST_OF_CONSENTS_PERSONAL_DATA_PERMISSIONS_AUTHORISED
======================================================================


Synonym created


Creating view VW_CONSENTS_PERSONAL_DATA_PERMISSIONS_REQUESTED
=============================================================


View created


Creating synonym LIST_OF_CONSENTS_PERSONAL_DATA_PERMISSIONS_REQUESTED
=====================================================================


Synonym created


Creating view VW_CONSENTS_PERSONAL_DATA_RESOURCES_AUTHORISED
============================================================


View created


Creating synonym LIST_OF_CONSENTS_PERSONAL_DATA_RESOURCES_AUTHORISED
====================================================================


Synonym created


Creating view VW_CONSENTS_PERSONAL_DATA_RESOURCES_AUTHORISED_PERMISSIONS
========================================================================


View created


Creating synonym LIST_OF_CONSENTS_PERSONAL_DATA_RESOURCES_AUTHORISED_PERMISSIONS
================================================================================


Synonym created


Creating view VW_CONSENTS_STATUS
================================


View created


Creating synonym LIST_OF_CONSENTS_STATUS
========================================


Synonym created


Creating view VW_PERSONAL_DATA
==============================


View created


Creating synonym LIST_OF_PERSONAL_DATA
======================================


Synonym created


Creating view VW_RESOURCES_PERMISSIONS
======================================


View created


Creating synonym LIST_OF_RESOURCES_PERMISSIONS
==============================================


Synonym created


Creating view VW_RESOURCES_STATUS
=================================


View created


Creating synonym LIST_OF_RESOURCES_STATUS
=========================================


Synonym created


Creating view VW_RESOURCES_TYPES
================================


View created


Creating synonym LIST_OF_RESOURCES_TYPES
========================================


Synonym created


Creating trigger TRG_ACCOUNT_PERSONAL_DATA
==========================================


Trigger created

Done
